Archive member included to satisfy reference by file (symbol)

/opt/st/stm32cubeide_1.13.1/plugins/com.st.stm32cube.ide.mcu.externaltools.gnu-tools-for-stm32.11.3.rel1.linux64_1.1.0.202305231506/tools/bin/../lib/gcc/arm-none-eabi/11.3.1/../../../../arm-none-eabi/lib/thumb/v7-m/nofp/libc_nano.a(libc_a-atoi.o)
                              ./Src/robotManager.o (atoi)
/opt/st/stm32cubeide_1.13.1/plugins/com.st.stm32cube.ide.mcu.externaltools.gnu-tools-for-stm32.11.3.rel1.linux64_1.1.0.202305231506/tools/bin/../lib/gcc/arm-none-eabi/11.3.1/../../../../arm-none-eabi/lib/thumb/v7-m/nofp/libc_nano.a(libc_a-exit.o)
                              /opt/st/stm32cubeide_1.13.1/plugins/com.st.stm32cube.ide.mcu.externaltools.gnu-tools-for-stm32.11.3.rel1.linux64_1.1.0.202305231506/tools/bin/../lib/gcc/arm-none-eabi/11.3.1/../../../../arm-none-eabi/lib/thumb/v7-m/nofp/crt0.o (exit)
/opt/st/stm32cubeide_1.13.1/plugins/com.st.stm32cube.ide.mcu.externaltools.gnu-tools-for-stm32.11.3.rel1.linux64_1.1.0.202305231506/tools/bin/../lib/gcc/arm-none-eabi/11.3.1/../../../../arm-none-eabi/lib/thumb/v7-m/nofp/libc_nano.a(libc_a-strtol.o)
                              /opt/st/stm32cubeide_1.13.1/plugins/com.st.stm32cube.ide.mcu.externaltools.gnu-tools-for-stm32.11.3.rel1.linux64_1.1.0.202305231506/tools/bin/../lib/gcc/arm-none-eabi/11.3.1/../../../../arm-none-eabi/lib/thumb/v7-m/nofp/libc_nano.a(libc_a-atoi.o) (_strtol_r)
/opt/st/stm32cubeide_1.13.1/plugins/com.st.stm32cube.ide.mcu.externaltools.gnu-tools-for-stm32.11.3.rel1.linux64_1.1.0.202305231506/tools/bin/../lib/gcc/arm-none-eabi/11.3.1/../../../../arm-none-eabi/lib/thumb/v7-m/nofp/libc_nano.a(libc_a-ctype_.o)
                              /opt/st/stm32cubeide_1.13.1/plugins/com.st.stm32cube.ide.mcu.externaltools.gnu-tools-for-stm32.11.3.rel1.linux64_1.1.0.202305231506/tools/bin/../lib/gcc/arm-none-eabi/11.3.1/../../../../arm-none-eabi/lib/thumb/v7-m/nofp/libc_nano.a(libc_a-strtol.o) (_ctype_)
/opt/st/stm32cubeide_1.13.1/plugins/com.st.stm32cube.ide.mcu.externaltools.gnu-tools-for-stm32.11.3.rel1.linux64_1.1.0.202305231506/tools/bin/../lib/gcc/arm-none-eabi/11.3.1/../../../../arm-none-eabi/lib/thumb/v7-m/nofp/libc_nano.a(libc_a-findfp.o)
                              /opt/st/stm32cubeide_1.13.1/plugins/com.st.stm32cube.ide.mcu.externaltools.gnu-tools-for-stm32.11.3.rel1.linux64_1.1.0.202305231506/tools/bin/../lib/gcc/arm-none-eabi/11.3.1/../../../../arm-none-eabi/lib/thumb/v7-m/nofp/libc_nano.a(libc_a-exit.o) (__stdio_exit_handler)
/opt/st/stm32cubeide_1.13.1/plugins/com.st.stm32cube.ide.mcu.externaltools.gnu-tools-for-stm32.11.3.rel1.linux64_1.1.0.202305231506/tools/bin/../lib/gcc/arm-none-eabi/11.3.1/../../../../arm-none-eabi/lib/thumb/v7-m/nofp/libc_nano.a(libc_a-fwalk.o)
                              /opt/st/stm32cubeide_1.13.1/plugins/com.st.stm32cube.ide.mcu.externaltools.gnu-tools-for-stm32.11.3.rel1.linux64_1.1.0.202305231506/tools/bin/../lib/gcc/arm-none-eabi/11.3.1/../../../../arm-none-eabi/lib/thumb/v7-m/nofp/libc_nano.a(libc_a-findfp.o) (_fwalk_sglue)
/opt/st/stm32cubeide_1.13.1/plugins/com.st.stm32cube.ide.mcu.externaltools.gnu-tools-for-stm32.11.3.rel1.linux64_1.1.0.202305231506/tools/bin/../lib/gcc/arm-none-eabi/11.3.1/../../../../arm-none-eabi/lib/thumb/v7-m/nofp/libc_nano.a(libc_a-stdio.o)
                              /opt/st/stm32cubeide_1.13.1/plugins/com.st.stm32cube.ide.mcu.externaltools.gnu-tools-for-stm32.11.3.rel1.linux64_1.1.0.202305231506/tools/bin/../lib/gcc/arm-none-eabi/11.3.1/../../../../arm-none-eabi/lib/thumb/v7-m/nofp/libc_nano.a(libc_a-findfp.o) (__sread)
/opt/st/stm32cubeide_1.13.1/plugins/com.st.stm32cube.ide.mcu.externaltools.gnu-tools-for-stm32.11.3.rel1.linux64_1.1.0.202305231506/tools/bin/../lib/gcc/arm-none-eabi/11.3.1/../../../../arm-none-eabi/lib/thumb/v7-m/nofp/libc_nano.a(libc_a-memset.o)
                              /opt/st/stm32cubeide_1.13.1/plugins/com.st.stm32cube.ide.mcu.externaltools.gnu-tools-for-stm32.11.3.rel1.linux64_1.1.0.202305231506/tools/bin/../lib/gcc/arm-none-eabi/11.3.1/../../../../arm-none-eabi/lib/thumb/v7-m/nofp/crt0.o (memset)
/opt/st/stm32cubeide_1.13.1/plugins/com.st.stm32cube.ide.mcu.externaltools.gnu-tools-for-stm32.11.3.rel1.linux64_1.1.0.202305231506/tools/bin/../lib/gcc/arm-none-eabi/11.3.1/../../../../arm-none-eabi/lib/thumb/v7-m/nofp/libc_nano.a(libc_a-closer.o)
                              /opt/st/stm32cubeide_1.13.1/plugins/com.st.stm32cube.ide.mcu.externaltools.gnu-tools-for-stm32.11.3.rel1.linux64_1.1.0.202305231506/tools/bin/../lib/gcc/arm-none-eabi/11.3.1/../../../../arm-none-eabi/lib/thumb/v7-m/nofp/libc_nano.a(libc_a-stdio.o) (_close_r)
/opt/st/stm32cubeide_1.13.1/plugins/com.st.stm32cube.ide.mcu.externaltools.gnu-tools-for-stm32.11.3.rel1.linux64_1.1.0.202305231506/tools/bin/../lib/gcc/arm-none-eabi/11.3.1/../../../../arm-none-eabi/lib/thumb/v7-m/nofp/libc_nano.a(libc_a-reent.o)
[...]
Memory Configuration

Name             Origin             Length             Attributes
RAM              0x0000000020000000 0x0000000000005000 xrw
FLASH            0x0000000008000000 0x0000000000010000 xr
*default*        0x0000000000000000 0xffffffffffffffff

Linker script and memory map

LOAD /opt/st/stm32cubeide_1.13.1/plugins/com.st.stm32cube.ide.mcu.externaltools.gnu-tools-for-stm32.11.3.rel1.linux64_1.1.0.202305231506/tools/bin/../lib/gcc/arm-none-eabi/11.3.1/thumb/v7-m/nofp/crti.o
LOAD /opt/st/stm32cubeide_1.13.1/plugins/com.st.stm32cube.ide.mcu.externaltools.gnu-tools-for-stm32.11.3.rel1.linux64_1.1.0.202305231506/tools/bin/../lib/gcc/arm-none-eabi/11.3.1/thumb/v7-m/nofp/crtbegin.o
LOAD /opt/st/stm32cubeide_1.13.1/plugins/com.st.stm32cube.ide.mcu.externaltools.gnu-tools-for-stm32.11.3.rel1.linux64_1.1.0.202305231506/tools/bin/../lib/gcc/arm-none-eabi/11.3.1/../../../../arm-none-eabi/lib/thumb/v7-m/nofp/crt0.o
LOAD ./HAL/servo.o
LOAD ./Src/main.o
LOAD ./Src/robotManager.o
LOAD ./Src/syscalls.o
LOAD ./Src/sysmem.o
LOAD ./Startup/startup_stm32f103c8tx.o
LOAD ./stm32f103x6_drivers/stm32f103x6_PWM_driver.o
LOAD ./stm32f103x6_drivers/stm32f103x6_RCC_driver.o
LOAD ./stm32f103x6_drivers/stm32f103x6_USART_driver.o
LOAD ./stm32f103x6_drivers/stm32f103x6_gpio_driver.o
START GROUP
LOAD /opt/st/stm32cubeide_1.13.1/plugins/com.st.stm32cube.ide.mcu.externaltools.gnu-tools-for-stm32.11.3.rel1.linux64_1.1.0.202305231506/tools/bin/../lib/gcc/arm-none-eabi/11.3.1/../../../../arm-none-eabi/lib/thumb/v7-m/nofp/libc_nano.a
LOAD /opt/st/stm32cubeide_1.13.1/plugins/com.st.stm32cube.ide.mcu.externaltools.gnu-tools-for-stm32.11.3.rel1.linux64_1.1.0.202305231506/tools/bin/../lib/gcc/arm-none-eabi/11.3.1/../../../../arm-none-eabi/lib/thumb/v7-m/nofp/libm.a
END GROUP
START GROUP
LOAD /opt/st/stm32cubeide_1.13.1/plugins/com.st.stm32cube.ide.mcu.externaltools.gnu-tools-for-stm32.11.3.rel1.linux64_1.1.0.202305231506/tools/bin/../lib/gcc/arm-none-eabi/11.3.1/thumb/v7-m/nofp/libgcc.a
LOAD /opt/st/stm32cubeide_1.13.1/plugins/com.st.stm32cube.ide.mcu.externaltools.gnu-tools-for-stm32.11.3.rel1.linux64_1.1.0.202305231506/tools/bin/../lib/gcc/arm-none-eabi/11.3.1/../../../../arm-none-eabi/lib/thumb/v7-m/nofp/libc_nano.a
END GROUP
START GROUP
LOAD /opt/st/stm32cubeide_1.13.1/plugins/com.st.stm32cube.ide.mcu.externaltools.gnu-tools-for-stm32.11.3.rel1.linux64_1.1.0.202305231506/tools/bin/../lib/gcc/arm-none-eabi/11.3.1/thumb/v7-m/nofp/libgcc.a
LOAD /opt/st/stm32cubeide_1.13.1/plugins/com.st.stm32cube.ide.mcu.externaltools.gnu-tools-for-stm32.11.3.rel1.linux64_1.1.0.202305231506/tools/bin/../lib/gcc/arm-none-eabi/11.3.1/../../../../arm-none-eabi/lib/thumb/v7-m/nofp/libc_nano.a
LOAD /opt/st/stm32cubeide_1.13.1/plugins/com.st.stm32cube.ide.mcu.externaltools.gnu-tools-for-stm32.11.3.rel1.linux64_1.1.0.202305231506/tools/bin/../lib/gcc/arm-none-eabi/11.3.1/../../../../arm-none-eabi/lib/thumb/v7-m/nofp/libnosys.a
END GROUP
START GROUP
LOAD /opt/st/stm32cubeide_1.13.1/plugins/com.st.stm32cube.ide.mcu.externaltools.gnu-tools-for-stm32.11.3.rel1.linux64_1.1.0.202305231506/tools/bin/../lib/gcc/arm-none-eabi/11.3.1/thumb/v7-m/nofp/libgcc.a
LOAD /opt/st/stm32cubeide_1.13.1/plugins/com.st.stm32cube.ide.mcu.externaltools.gnu-tools-for-stm32.11.3.rel1.linux64_1.1.0.202305231506/tools/bin/../lib/gcc/arm-none-eabi/11.3.1/../../../../arm-none-eabi/lib/thumb/v7-m/nofp/libc_nano.a
LOAD /opt/st/stm32cubeide_1.13.1/plugins/com.st.stm32cube.ide.mcu.externaltools.gnu-tools-for-stm32.11.3.rel1.linux64_1.1.0.202305231506/tools/bin/../lib/gcc/arm-none-eabi/11.3.1/../../../../arm-none-eabi/lib/thumb/v7-m/nofp/libnosys.a
END GROUP
LOAD /opt/st/stm32cubeide_1.13.1/plugins/com.st.stm32cube.ide.mcu.externaltools.gnu-tools-for-stm32.11.3.rel1.linux64_1.1.0.202305231506/tools/bin/../lib/gcc/arm-none-eabi/11.3.1/thumb/v7-m/nofp/crtend.o
LOAD /opt/st/stm32cubeide_1.13.1/plugins/com.st.stm32cube.ide.mcu.externaltools.gnu-tools-for-stm32.11.3.rel1.linux64_1.1.0.202305231506/tools/bin/../lib/gcc/arm-none-eabi/11.3.1/thumb/v7-m/nofp/crtn.o
                0x0000000020005000                _estack = (ORIGIN (RAM) + LENGTH (RAM))
                0x0000000000000200                _Min_Heap_Size = 0x200
                0x0000000000000400                _Min_Stack_Size = 0x400

.isr_vector     0x0000000008000000      0x130
                0x0000000008000000                . = ALIGN (0x4)
 *(.isr_vector)
 .isr_vector    0x0000000008000000      0x130 ./Startup/startup_stm32f103c8tx.o
                0x0000000008000000                g_pfnVectors
                0x0000000008000130                . = ALIGN (0x4)

.text           0x0000000008000130     0x21e4
                0x0000000008000130                . = ALIGN (0x4)
 *(.text)
 .text          0x0000000008000130       0x40 /opt/st/stm32cubeide_1.13.1/plugins/com.st.stm32cube.ide.mcu.externaltools.gnu-tools-for-stm32.11.3.rel1.linux64_1.1.0.202305231506/tools/bin/../lib/gcc/arm-none-eabi/11.3.1/thumb/v7-m/nofp/crtbegin.o
 .text          0x0000000008000170      0x378 /opt/st/stm32cubeide_1.13.1/plugins/com.st.stm32cube.ide.mcu.externaltools.gnu-tools-for-stm32.11.3.rel1.linux64_1.1.0.202305231506/tools/bin/../lib/gcc/arm-none-eabi/11.3.1/thumb/v7-m/nofp/libgcc.a(_arm_addsubdf3.o)
                0x0000000008000170                __aeabi_drsub
                0x0000000008000178                __aeabi_dsub
                0x0000000008000178                __subdf3
                0x000000000800017c                __adddf3
                0x000000000800017c                __aeabi_dadd
                0x00000000080003f4                __aeabi_ui2d
                0x00000000080003f4                __floatunsidf
                0x0000000008000414                __floatsidf
                0x0000000008000414                __aeabi_i2d
                0x0000000008000438                __extendsfdf2
                0x0000000008000438                __aeabi_f2d
                0x000000000800047c                __aeabi_ul2d
                0x000000000800047c                __floatundidf
                0x000000000800048c                __floatdidf
                0x000000000800048c                __aeabi_l2d
 .text          0x00000000080004e8      0x424 /opt/st/stm32cubeide_1.13.1/plugins/com.st.stm32cube.ide.mcu.externaltools.gnu-tools-for-stm32.11.3.rel1.linux64_1.1.0.202305231506/tools/bin/../lib/gcc/arm-none-eabi/11.3.1/thumb/v7-m/nofp/libgcc.a(_arm_muldivdf3.o)
                0x00000000080004e8                __aeabi_dmul
                0x00000000080004e8                __muldf3
                0x000000000800073c                __aeabi_ddiv
                0x000000000800073c                __divdf3
 .text          0x000000000800090c       0x40 /opt/st/stm32cubeide_1.13.1/plugins/com.st.stm32cube.ide.mcu.externaltools.gnu-tools-for-stm32.11.3.rel1.linux64_1.1.0.202305231506/tools/bin/../lib/gcc/arm-none-eabi/11.3.1/thumb/v7-m/nofp/libgcc.a(_arm_fixunsdfsi.o)
                0x000000000800090c                __fixunsdfsi
                0x000000000800090c                __aeabi_d2uiz
 .text          0x000000000800094c      0x21c /opt/st/stm32cubeide_1.13.1/plugins/com.st.stm32cube.ide.mcu.externaltools.gnu-tools-for-stm32.11.3.rel1.linux64_1.1.0.202305231506/tools/bin/../lib/gcc/arm-none-eabi/11.3.1/thumb/v7-m/nofp/libgcc.a(_arm_addsubsf3.o)
                0x000000000800094c                __aeabi_frsub
                0x0000000008000954                __subsf3
                0x0000000008000954                __aeabi_fsub
                0x0000000008000958                __aeabi_fadd
                0x0000000008000958                __addsf3
                0x0000000008000ab8                __aeabi_ui2f
                0x0000000008000ab8                __floatunsisf
                0x0000000008000ac0                __aeabi_i2f
                0x0000000008000ac0                __floatsisf
                0x0000000008000adc                __floatundisf
                0x0000000008000adc                __aeabi_ul2f
                0x0000000008000aec                __floatdisf
                0x0000000008000aec                __aeabi_l2f
 .text          0x0000000008000b68      0x2a0 /opt/st/stm32cubeide_1.13.1/plugins/com.st.stm32cube.ide.mcu.externaltools.gnu-tools-for-stm32.11.3.rel1.linux64_1.1.0.202305231506/tools/bin/../lib/gcc/arm-none-eabi/11.3.1/thumb/v7-m/nofp/libgcc.a(_arm_muldivsf3.o)
                0x0000000008000b68                __mulsf3
                0x0000000008000b68                __aeabi_fmul
                0x0000000008000cd0                __divsf3
                0x0000000008000cd0                __aeabi_fdiv
 .text          0x0000000008000e08       0xec /opt/st/stm32cubeide_1.13.1/plugins/com.st.stm32cube.ide.mcu.externaltools.gnu-tools-for-stm32.11.3.rel1.linux64_1.1.0.202305231506/tools/bin/../lib/gcc/arm-none-eabi/11.3.1/thumb/v7-m/nofp/libgcc.a(_arm_cmpsf2.o)
                0x0000000008000e08                __gtsf2
                0x0000000008000e08                __gesf2
                0x0000000008000e10                __lesf2
                0x0000000008000e10                __ltsf2
                0x0000000008000e18                __nesf2
                0x0000000008000e18                __eqsf2
                0x0000000008000e18                __cmpsf2
                0x0000000008000e78                __aeabi_cfrcmple
                0x0000000008000e80                __aeabi_cfcmple
                0x0000000008000e80                __aeabi_cfcmpeq
                0x0000000008000e90                __aeabi_fcmpeq
                0x0000000008000ea4                __aeabi_fcmplt
                0x0000000008000eb8                __aeabi_fcmple
                0x0000000008000ecc                __aeabi_fcmpge
                0x0000000008000ee0                __aeabi_fcmpgt
 .text          0x0000000008000ef4       0x40 /opt/st/stm32cubeide_1.13.1/plugins/com.st.stm32cube.ide.mcu.externaltools.gnu-tools-for-stm32.11.3.rel1.linux64_1.1.0.202305231506/tools/bin/../lib/gcc/arm-none-eabi/11.3.1/thumb/v7-m/nofp/libgcc.a(_arm_fixunssfsi.o)
                0x0000000008000ef4                __aeabi_f2uiz
                0x0000000008000ef4                __fixunssfsi
 *(.text*)
 .text.HAL_Servo_Init
                0x0000000008000f34       0x3c ./HAL/servo.o
                0x0000000008000f34                HAL_Servo_Init
 .text.HAL_Servo_Write
                0x0000000008000f70       0x54 ./HAL/servo.o
                0x0000000008000f70                HAL_Servo_Write
 .text.main     0x0000000008000fc4       0x28 ./Src/main.o
                0x0000000008000fc4                main
 .text.clock_init
                0x0000000008000fec       0x34 ./Src/main.o
                0x0000000008000fec                clock_init
 .text.robotManager_init
                0x0000000008001020       0xcc ./Src/robotManager.o
                0x0000000008001020                robotManager_init
 .text.robotManager_run
                0x00000000080010ec       0x54 ./Src/robotManager.o
                0x00000000080010ec                robotManager_run
 .text.parse_command
                0x0000000008001140       0x80 ./Src/robotManager.o
                0x0000000008001140                parse_command
 .text.RM_USARTCallBack
                0x00000000080011c0       0x58 ./Src/robotManager.o
                0x00000000080011c0                RM_USARTCallBack
 .text.Reset_Handler
                0x0000000008001218       0x50 ./Startup/startup_stm32f103c8tx.o
                0x0000000008001218                Reset_Handler
 .text.Default_Handler
                0x0000000008001268        0x2 ./Startup/startup_stm32f103c8tx.o
                0x0000000008001268                EXTI2_IRQHandler
                0x0000000008001268                TIM8_TRG_COM_IRQHandler
                0x0000000008001268                TIM8_CC_IRQHandler
                0x0000000008001268                DebugMon_Handler
                0x0000000008001268                TIM1_CC_IRQHandler
                0x0000000008001268                HardFault_Handler
                0x0000000008001268                TIM6_IRQHandler
                0x0000000008001268                SysTick_Handler
                0x0000000008001268                PVD_IRQHandler
                0x0000000008001268                SDIO_IRQHandler
                0x0000000008001268                PendSV_Handler
                0x0000000008001268                NMI_Handler
                0x0000000008001268                EXTI3_IRQHandler
                0x0000000008001268                USB_HP_CAN_TX_IRQHandler
                0x0000000008001268                EXTI0_IRQHandler
                0x0000000008001268                I2C2_EV_IRQHandler
                0x0000000008001268                UsageFault_Handler
                0x0000000008001268                ADC1_2_IRQHandler
                0x0000000008001268                SPI1_IRQHandler
                0x0000000008001268                CAN_SCE_IRQHandler
                0x0000000008001268                TAMPER_IRQHandler
                0x0000000008001268                TIM8_UP_IRQHandler
                0x0000000008001268                DMA2_Channel2_IRQHandler
                0x0000000008001268                DMA1_Channel4_IRQHandler
                0x0000000008001268                RTC_IRQHandler
                0x0000000008001268                DMA1_Channel7_IRQHandler
                0x0000000008001268                UART5_IRQHandler
                0x0000000008001268                ADC3_IRQHandler
                0x0000000008001268                TIM4_IRQHandler
                0x0000000008001268                CAN_RX1_IRQHandler
                0x0000000008001268                DMA2_Channel1_IRQHandler
                0x0000000008001268                I2C1_EV_IRQHandler
                0x0000000008001268                DMA1_Channel6_IRQHandler
                0x0000000008001268                UART4_IRQHandler
                0x0000000008001268                TIM3_IRQHandler
                0x0000000008001268                RCC_IRQHandler
                0x0000000008001268                TIM1_TRG_COM_IRQHandler
                0x0000000008001268                DMA1_Channel1_IRQHandler
                0x0000000008001268                Default_Handler
                0x0000000008001268                EXTI15_10_IRQHandler
                0x0000000008001268                TIM7_IRQHandler
                0x0000000008001268                TIM5_IRQHandler
                0x0000000008001268                EXTI9_5_IRQHandler
                0x0000000008001268                SPI2_IRQHandler
                0x0000000008001268                USB_LP_CAN_RX0_IRQHandler
                0x0000000008001268                MemManage_Handler
                0x0000000008001268                SVC_Handler
                0x0000000008001268                DMA1_Channel5_IRQHandler
                0x0000000008001268                EXTI4_IRQHandler
                0x0000000008001268                DMA1_Channel3_IRQHandler
                0x0000000008001268                FSMC_IRQHandler
                0x0000000008001268                TIM1_UP_IRQHandler
                0x0000000008001268                WWDG_IRQHandler
                0x0000000008001268                TIM2_IRQHandler
                0x0000000008001268                TIM1_BRK_IRQHandler
                0x0000000008001268                EXTI1_IRQHandler
                0x0000000008001268                RTCAlarm_IRQHandler
                0x0000000008001268                DMA2_Channel4_5_IRQHandler
                0x0000000008001268                I2C2_ER_IRQHandler
                0x0000000008001268                DMA1_Channel2_IRQHandler
                0x0000000008001268                TIM8_BRK_IRQHandler
                0x0000000008001268                FLASH_IRQHandler
                0x0000000008001268                BusFault_Handler
                0x0000000008001268                SPI3_IRQHandler
                0x0000000008001268                I2C1_ER_IRQHandler
                0x0000000008001268                DMA2_Channel3_IRQHandler
 *fill*         0x000000000800126a        0x2 
 .text.MCAL_TIM_PWM_Init
                0x000000000800126c      0x1b0 ./stm32f103x6_drivers/stm32f103x6_PWM_driver.o
                0x000000000800126c                MCAL_TIM_PWM_Init
 .text.MCAL_TIM_PWM_Set_Frequency
                0x000000000800141c       0xa4 ./stm32f103x6_drivers/stm32f103x6_PWM_driver.o
                0x000000000800141c                MCAL_TIM_PWM_Set_Frequency
 .text.MCAL_TIM_PWM_Set_DutyCycle
                0x00000000080014c0      0x12c ./stm32f103x6_drivers/stm32f103x6_PWM_driver.o
                0x00000000080014c0                MCAL_TIM_PWM_Set_DutyCycle
 .text.MCAL_TIM_GPIO_Init
                0x00000000080015ec      0x124 ./stm32f103x6_drivers/stm32f103x6_PWM_driver.o
                0x00000000080015ec                MCAL_TIM_GPIO_Init
 .text.MCAL_RCC_get_SYSCLK
                0x0000000008001710       0x28 ./stm32f103x6_drivers/stm32f103x6_RCC_driver.o
                0x0000000008001710                MCAL_RCC_get_SYSCLK
 .text.MCAL_RCC_get_HCLK
                0x0000000008001738       0x3c ./stm32f103x6_drivers/stm32f103x6_RCC_driver.o
                0x0000000008001738                MCAL_RCC_get_HCLK
 .text.MCAL_RCC_get_PCLK1
                0x0000000008001774       0x38 ./stm32f103x6_drivers/stm32f103x6_RCC_driver.o
                0x0000000008001774                MCAL_RCC_get_PCLK1
 .text.MCAL_RCC_get_PCLK2
                0x00000000080017ac       0x38 ./stm32f103x6_drivers/stm32f103x6_RCC_driver.o
                0x00000000080017ac                MCAL_RCC_get_PCLK2
 .text.MCAL_USART_Init
                0x00000000080017e4      0x340 ./stm32f103x6_drivers/stm32f103x6_USART_driver.o
                0x00000000080017e4                MCAL_USART_Init
 .text.MCAL_USART_GPIO_Set_Pins
                0x0000000008001b24      0x34c ./stm32f103x6_drivers/stm32f103x6_USART_driver.o
                0x0000000008001b24                MCAL_USART_GPIO_Set_Pins
 .text.USART1_IRQHandler
                0x0000000008001e70       0x20 ./stm32f103x6_drivers/stm32f103x6_USART_driver.o
                0x0000000008001e70                USART1_IRQHandler
 .text.USART2_IRQHandler
                0x0000000008001e90       0x20 ./stm32f103x6_drivers/stm32f103x6_USART_driver.o
                0x0000000008001e90                USART2_IRQHandler
 .text.USART3_IRQHandler
                0x0000000008001eb0       0x20 ./stm32f103x6_drivers/stm32f103x6_USART_driver.o
                0x0000000008001eb0                USART3_IRQHandler
 .text.Get_CRLH_loc
                0x0000000008001ed0      0x198 ./stm32f103x6_drivers/stm32f103x6_gpio_driver.o
                0x0000000008001ed0                Get_CRLH_loc
 .text.MCAL_GPIO_Init
                0x0000000008002068      0x126 ./stm32f103x6_drivers/stm32f103x6_gpio_driver.o
                0x0000000008002068                MCAL_GPIO_Init
 .text.atoi     0x000000000800218e        0x8 /opt/st/stm32cubeide_1.13.1/plugins/com.st.stm32cube.ide.mcu.externaltools.gnu-tools-for-stm32.11.3.rel1.linux64_1.1.0.202305231506/tools/bin/../lib/gcc/arm-none-eabi/11.3.1/../../../../arm-none-eabi/lib/thumb/v7-m/nofp/libc_nano.a(libc_a-atoi.o)
                0x000000000800218e                atoi
 *fill*         0x0000000008002196        0x2 
 .text._strtol_l.constprop.0
                0x0000000008002198       0xfc /opt/st/stm32cubeide_1.13.1/plugins/com.st.stm32cube.ide.mcu.externaltools.gnu-tools-for-stm32.11.3.rel1.linux64_1.1.0.202305231506/tools/bin/../lib/gcc/arm-none-eabi/11.3.1/../../../../arm-none-eabi/lib/thumb/v7-m/nofp/libc_nano.a(libc_a-strtol.o)
 .text.strtol   0x0000000008002294       0x14 /opt/st/stm32cubeide_1.13.1/plugins/com.st.stm32cube.ide.mcu.externaltools.gnu-tools-for-stm32.11.3.rel1.linux64_1.1.0.202305231506/tools/bin/../lib/gcc/arm-none-eabi/11.3.1/../../../../arm-none-eabi/lib/thumb/v7-m/nofp/libc_nano.a(libc_a-strtol.o)
                0x0000000008002294                strtol
 .text.__errno  0x00000000080022a8        0xc /opt/st/stm32cubeide_1.13.1/plugins/com.st.stm32cube.ide.mcu.externaltools.gnu-tools-for-stm32.11.3.rel1.linux64_1.1.0.202305231506/tools/bin/../lib/gcc/arm-none-eabi/11.3.1/../../../../arm-none-eabi/lib/thumb/v7-m/nofp/libc_nano.a(libc_a-errno.o)
                0x00000000080022a8                __errno
 .text.__libc_init_array
                0x00000000080022b4       0x48 /opt/st/stm32cubeide_1.13.1/plugins/com.st.stm32cube.ide.mcu.externaltools.gnu-tools-for-stm32.11.3.rel1.linux64_1.1.0.202305231506/tools/bin/../lib/gcc/arm-none-eabi/11.3.1/../../../../arm-none-eabi/lib/thumb/v7-m/nofp/libc_nano.a(libc_a-init.o)
                0x00000000080022b4                __libc_init_array
 *(.glue_7)
 .glue_7        0x00000000080022fc        0x0 linker stubs
 *(.glue_7t)
 .glue_7t       0x00000000080022fc        0x0 linker stubs
 *(.eh_frame)
 .eh_frame      0x00000000080022fc        0x0 /opt/st/stm32cubeide_1.13.1/plugins/com.st.stm32cube.ide.mcu.externaltools.gnu-tools-for-stm32.11.3.rel1.linux64_1.1.0.202305231506/tools/bin/../lib/gcc/arm-none-eabi/11.3.1/thumb/v7-m/nofp/crtbegin.o
 *(.init)
 .init          0x00000000080022fc        0x4 /opt/st/stm32cubeide_1.13.1/plugins/com.st.stm32cube.ide.mcu.externaltools.gnu-tools-for-stm32.11.3.rel1.linux64_1.1.0.202305231506/tools/bin/../lib/gcc/arm-none-eabi/11.3.1/thumb/v7-m/nofp/crti.o
                0x00000000080022fc                _init
 .init          0x0000000008002300        0x8 /opt/st/stm32cubeide_1.13.1/plugins/com.st.stm32cube.ide.mcu.externaltools.gnu-tools-for-stm32.11.3.rel1.linux64_1.1.0.202305231506/tools/bin/../lib/gcc/arm-none-eabi/11.3.1/thumb/v7-m/nofp/crtn.o
 *(.fini)
 .fini          0x0000000008002308        0x4 /opt/st/stm32cubeide_1.13.1/plugins/com.st.stm32cube.ide.mcu.externaltools.gnu-tools-for-stm32.11.3.rel1.linux64_1.1.0.202305231506/tools/bin/../lib/gcc/arm-none-eabi/11.3.1/thumb/v7-m/nofp/crti.o
                0x0000000008002308                _fini
 .fini          0x000000000800230c        0x8 /opt/st/stm32cubeide_1.13.1/plugins/com.st.stm32cube.ide.mcu.externaltools.gnu-tools-for-stm32.11.3.rel1.linux64_1.1.0.202305231506/tools/bin/../lib/gcc/arm-none-eabi/11.3.1/thumb/v7-m/nofp/crtn.o
                0x0000000008002314                . = ALIGN (0x4)
                0x0000000008002314                _etext = .

.vfp11_veneer   0x0000000008002314        0x0
 .vfp11_veneer  0x0000000008002314        0x0 linker stubs

.v4_bx          0x0000000008002314        0x0
 .v4_bx         0x0000000008002314        0x0 linker stubs

.iplt           0x0000000008002314        0x0
 .iplt          0x0000000008002314        0x0 /opt/st/stm32cubeide_1.13.1/plugins/com.st.stm32cube.ide.mcu.externaltools.gnu-tools-for-stm32.11.3.rel1.linux64_1.1.0.202305231506/tools/bin/../lib/gcc/arm-none-eabi/11.3.1/thumb/v7-m/nofp/crtbegin.o

.rodata         0x0000000008002314      0x104
                0x0000000008002314                . = ALIGN (0x4)
 *(.rodata)
 *(.rodata*)
 .rodata._ctype_
                0x0000000008002314      0x101 /opt/st/stm32cubeide_1.13.1/plugins/com.st.stm32cube.ide.mcu.externaltools.gnu-tools-for-stm32.11.3.rel1.linux64_1.1.0.202305231506/tools/bin/../lib/gcc/arm-none-eabi/11.3.1/../../../../arm-none-eabi/lib/thumb/v7-m/nofp/libc_nano.a(libc_a-ctype_.o)
                0x0000000008002314                _ctype_
                0x0000000008002418                . = ALIGN (0x4)
 *fill*         0x0000000008002415        0x3 

.rel.dyn        0x0000000008002418        0x0
 .rel.iplt      0x0000000008002418        0x0 /opt/st/stm32cubeide_1.13.1/plugins/com.st.stm32cube.ide.mcu.externaltools.gnu-tools-for-stm32.11.3.rel1.linux64_1.1.0.202305231506/tools/bin/../lib/gcc/arm-none-eabi/11.3.1/thumb/v7-m/nofp/crtbegin.o

.ARM.extab      0x0000000008002418        0x0
                0x0000000008002418                . = ALIGN (0x4)
 *(.ARM.extab* .gnu.linkonce.armextab.*)
                0x0000000008002418                . = ALIGN (0x4)

.ARM            0x0000000008002418        0x0
                0x0000000008002418                . = ALIGN (0x4)
                0x0000000008002418                __exidx_start = .
 *(.ARM.exidx*)
                0x0000000008002418                __exidx_end = .
                0x0000000008002418                . = ALIGN (0x4)

.preinit_array  0x0000000008002418        0x0
                0x0000000008002418                . = ALIGN (0x4)
                0x0000000008002418                PROVIDE (__preinit_array_start = .)
 *(.preinit_array*)
                0x0000000008002418                PROVIDE (__preinit_array_end = .)
                0x0000000008002418                . = ALIGN (0x4)

.init_array     0x0000000008002418        0x4
                0x0000000008002418                . = ALIGN (0x4)
                0x0000000008002418                PROVIDE (__init_array_start = .)
 *(SORT_BY_NAME(.init_array.*))
 *(.init_array*)
 .init_array    0x0000000008002418        0x4 /opt/st/stm32cubeide_1.13.1/plugins/com.st.stm32cube.ide.mcu.externaltools.gnu-tools-for-stm32.11.3.rel1.linux64_1.1.0.202305231506/tools/bin/../lib/gcc/arm-none-eabi/11.3.1/thumb/v7-m/nofp/crtbegin.o
                0x000000000800241c                PROVIDE (__init_array_end = .)
                0x000000000800241c                . = ALIGN (0x4)

.fini_array     0x000000000800241c        0x4
                0x000000000800241c                . = ALIGN (0x4)
                [!provide]                        PROVIDE (__fini_array_start = .)
 *(SORT_BY_NAME(.fini_array.*))
 *(.fini_array*)
 .fini_array    0x000000000800241c        0x4 /opt/st/stm32cubeide_1.13.1/plugins/com.st.stm32cube.ide.mcu.externaltools.gnu-tools-for-stm32.11.3.rel1.linux64_1.1.0.202305231506/tools/bin/../lib/gcc/arm-none-eabi/11.3.1/thumb/v7-m/nofp/crtbegin.o
                [!provide]                        PROVIDE (__fini_array_end = .)
                0x0000000008002420                . = ALIGN (0x4)
                0x0000000008002420                _sidata = LOADADDR (.data)

.data           0x0000000020000000       0x78 load address 0x0000000008002420
                0x0000000020000000                . = ALIGN (0x4)
                0x0000000020000000                _sdata = .
 *(.data)
 *(.data*)
 .data.AHB_Prescaler
                0x0000000020000000       0x20 ./stm32f103x6_drivers/stm32f103x6_RCC_driver.o
                0x0000000020000000                AHB_Prescaler
 .data.APB_1_or_2_Prescaler
                0x0000000020000020        0x8 ./stm32f103x6_drivers/stm32f103x6_RCC_driver.o
                0x0000000020000020                APB_1_or_2_Prescaler
 .data._impure_data
                0x0000000020000028       0x4c /opt/st/stm32cubeide_1.13.1/plugins/com.st.stm32cube.ide.mcu.externaltools.gnu-tools-for-stm32.11.3.rel1.linux64_1.1.0.202305231506/tools/bin/../lib/gcc/arm-none-eabi/11.3.1/../../../../arm-none-eabi/lib/thumb/v7-m/nofp/libc_nano.a(libc_a-impure.o)
                0x0000000020000028                _impure_data
 .data._impure_ptr
                0x0000000020000074        0x4 /opt/st/stm32cubeide_1.13.1/plugins/com.st.stm32cube.ide.mcu.externaltools.gnu-tools-for-stm32.11.3.rel1.linux64_1.1.0.202305231506/tools/bin/../lib/gcc/arm-none-eabi/11.3.1/../../../../arm-none-eabi/lib/thumb/v7-m/nofp/libc_nano.a(libc_a-impure.o)
                0x0000000020000074                _impure_ptr
 *(.RamFunc)
 *(.RamFunc*)
                0x0000000020000078                . = ALIGN (0x4)
                0x0000000020000078                _edata = .

.igot.plt       0x0000000020000078        0x0 load address 0x0000000008002498
 .igot.plt      0x0000000020000078        0x0 /opt/st/stm32cubeide_1.13.1/plugins/com.st.stm32cube.ide.mcu.externaltools.gnu-tools-for-stm32.11.3.rel1.linux64_1.1.0.202305231506/tools/bin/../lib/gcc/arm-none-eabi/11.3.1/thumb/v7-m/nofp/crtbegin.o
                0x0000000020000078                . = ALIGN (0x4)

.bss            0x0000000020000078      0x1cc load address 0x0000000008002498
                0x0000000020000078                _sbss = .
                0x0000000020000078                __bss_start__ = _sbss
 *(.bss)
 .bss           0x0000000020000078       0x1c /opt/st/stm32cubeide_1.13.1/plugins/com.st.stm32cube.ide.mcu.externaltools.gnu-tools-for-stm32.11.3.rel1.linux64_1.1.0.202305231506/tools/bin/../lib/gcc/arm-none-eabi/11.3.1/thumb/v7-m/nofp/crtbegin.o
 *(.bss*)
 .bss.GP_command
                0x0000000020000094        0x4 ./Src/robotManager.o
                0x0000000020000094                GP_command
 .bss.GP_command_readyToRead
                0x0000000020000098        0x4 ./Src/robotManager.o
                0x0000000020000098                GP_command_readyToRead
 .bss.data_index.0
                0x000000002000009c        0x4 ./Src/robotManager.o
 .bss.GP_config
                0x00000000200000a0        0xc ./stm32f103x6_drivers/stm32f103x6_PWM_driver.o
                0x00000000200000a0                GP_config
 .bss.Global_USARTS_config
                0x00000000200000ac       0x60 ./stm32f103x6_drivers/stm32f103x6_USART_driver.o
                0x00000000200000ac                Global_USARTS_config
 .bss.__sf      0x000000002000010c      0x138 /opt/st/stm32cubeide_1.13.1/plugins/com.st.stm32cube.ide.mcu.externaltools.gnu-tools-for-stm32.11.3.rel1.linux64_1.1.0.202305231506/tools/bin/../lib/gcc/arm-none-eabi/11.3.1/../../../../arm-none-eabi/lib/thumb/v7-m/nofp/libc_nano.a(libc_a-findfp.o)
                0x000000002000010c                __sf
 *(COMMON)
                0x0000000020000244                . = ALIGN (0x4)
                0x0000000020000244                _ebss = .
                0x0000000020000244                __bss_end__ = _ebss

._user_heap_stack
                0x0000000020000244      0x604 load address 0x0000000008002498
                0x0000000020000248                . = ALIGN (0x8)
 *fill*         0x0000000020000244        0x4 
                [!provide]                        PROVIDE (end = .)
                0x0000000020000248                PROVIDE (_end = .)
                0x0000000020000448                . = (. + _Min_Heap_Size)
 *fill*         0x0000000020000248      0x200 
                0x0000000020000848                . = (. + _Min_Stack_Size)
 *fill*         0x0000000020000448      0x400 
                0x0000000020000848                . = ALIGN (0x8)

/DISCARD/
 libc.a(*)
 libm.a(*)
 libgcc.a(*)

.ARM.attributes
                0x0000000000000000       0x29
 *(.ARM.attributes)
 .ARM.attributes
                0x0000000000000000       0x1d /opt/st/stm32cubeide_1.13.1/plugins/com.st.stm32cube.ide.mcu.externaltools.gnu-tools-for-stm32.11.3.rel1.linux64_1.1.0.202305231506/tools/bin/../lib/gcc/arm-none-eabi/11.3.1/thumb/v7-m/nofp/crti.o
 .ARM.attributes
                0x000000000000001d       0x2d /opt/st/stm32cubeide_1.13.1/plugins/com.st.stm32cube.ide.mcu.externaltools.gnu-tools-for-stm32.11.3.rel1.linux64_1.1.0.202305231506/tools/bin/../lib/gcc/arm-none-eabi/11.3.1/thumb/v7-m/nofp/crtbegin.o
 .ARM.attributes
                0x000000000000004a       0x2d ./HAL/servo.o
 .ARM.attributes
                0x0000000000000077       0x2d ./Src/main.o
 .ARM.attributes
                0x00000000000000a4       0x2d ./Src/robotManager.o
 .ARM.attributes
                0x00000000000000d1       0x21 ./Startup/startup_stm32f103c8tx.o
 .ARM.attributes
                0x00000000000000f2       0x2d ./stm32f103x6_drivers/stm32f103x6_PWM_driver.o
 .ARM.attributes
                0x000000000000011f       0x2d ./stm32f103x6_drivers/stm32f103x6_RCC_driver.o
 .ARM.attributes
                0x000000000000014c       0x2d ./stm32f103x6_drivers/stm32f103x6_USART_driver.o
 .ARM.attributes
                0x0000000000000179       0x2d ./stm32f103x6_drivers/stm32f103x6_gpio_driver.o
 .ARM.attributes
                0x00000000000001a6       0x2d /opt/st/stm32cubeide_1.13.1/plugins/com.st.stm32cube.ide.mcu.externaltools.gnu-tools-for-stm32.11.3.rel1.linux64_1.1.0.202305231506/tools/bin/../lib/gcc/arm-none-eabi/11.3.1/../../../../arm-none-eabi/lib/thumb/v7-m/nofp/libc_nano.a(libc_a-atoi.o)
 .ARM.attributes
                0x00000000000001d3       0x2d /opt/st/stm32cubeide_1.13.1/plugins/com.st.stm32cube.ide.mcu.externaltools.gnu-tools-for-stm32.11.3.rel1.linux64_1.1.0.202305231506/tools/bin/../lib/gcc/arm-none-eabi/11.3.1/../../../../arm-none-eabi/lib/thumb/v7-m/nofp/libc_nano.a(libc_a-strtol.o)
 .ARM.attributes
                0x0000000000000200       0x2d /opt/st/stm32cubeide_1.13.1/plugins/com.st.stm32cube.ide.mcu.externaltools.gnu-tools-for-stm32.11.3.rel1.linux64_1.1.0.202305231506/tools/bin/../lib/gcc/arm-none-eabi/11.3.1/../../../../arm-none-eabi/lib/thumb/v7-m/nofp/libc_nano.a(libc_a-ctype_.o)
 .ARM.attributes
                0x000000000000022d       0x2d /opt/st/stm32cubeide_1.13.1/plugins/com.st.stm32cube.ide.mcu.externaltools.gnu-tools-for-stm32.11.3.rel1.linux64_1.1.0.202305231506/tools/bin/../lib/gcc/arm-none-eabi/11.3.1/../../../../arm-none-eabi/lib/thumb/v7-m/nofp/libc_nano.a(libc_a-findfp.o)
 .ARM.attributes
                0x000000000000025a       0x2d /opt/st/stm32cubeide_1.13.1/plugins/com.st.stm32cube.ide.mcu.externaltools.gnu-tools-for-stm32.11.3.rel1.linux64_1.1.0.202305231506/tools/bin/../lib/gcc/arm-none-eabi/11.3.1/../../../../arm-none-eabi/lib/thumb/v7-m/nofp/libc_nano.a(libc_a-impure.o)
 .ARM.attributes
                0x0000000000000287       0x2d /opt/st/stm32cubeide_1.13.1/plugins/com.st.stm32cube.ide.mcu.externaltools.gnu-tools-for-stm32.11.3.rel1.linux64_1.1.0.202305231506/tools/bin/../lib/gcc/arm-none-eabi/11.3.1/../../../../arm-none-eabi/lib/thumb/v7-m/nofp/libc_nano.a(libc_a-errno.o)
 .ARM.attributes
                0x00000000000002b4       0x2d /opt/st/stm32cubeide_1.13.1/plugins/com.st.stm32cube.ide.mcu.externaltools.gnu-tools-for-stm32.11.3.rel1.linux64_1.1.0.202305231506/tools/bin/../lib/gcc/arm-none-eabi/11.3.1/../../../../arm-none-eabi/lib/thumb/v7-m/nofp/libc_nano.a(libc_a-init.o)
 .ARM.attributes
                0x00000000000002e1       0x1d /opt/st/stm32cubeide_1.13.1/plugins/com.st.stm32cube.ide.mcu.externaltools.gnu-tools-for-stm32.11.3.rel1.linux64_1.1.0.202305231506/tools/bin/../lib/gcc/arm-none-eabi/11.3.1/thumb/v7-m/nofp/libgcc.a(_arm_addsubdf3.o)
 .ARM.attributes
                0x00000000000002fe       0x1d /opt/st/stm32cubeide_1.13.1/plugins/com.st.stm32cube.ide.mcu.externaltools.gnu-tools-for-stm32.11.3.rel1.linux64_1.1.0.202305231506/tools/bin/../lib/gcc/arm-none-eabi/11.3.1/thumb/v7-m/nofp/libgcc.a(_arm_muldivdf3.o)
 .ARM.attributes
                0x000000000000031b       0x1d /opt/st/stm32cubeide_1.13.1/plugins/com.st.stm32cube.ide.mcu.externaltools.gnu-tools-for-stm32.11.3.rel1.linux64_1.1.0.202305231506/tools/bin/../lib/gcc/arm-none-eabi/11.3.1/thumb/v7-m/nofp/libgcc.a(_arm_fixunsdfsi.o)
 .ARM.attributes
                0x0000000000000338       0x1d /opt/st/stm32cubeide_1.13.1/plugins/com.st.stm32cube.ide.mcu.externaltools.gnu-tools-for-stm32.11.3.rel1.linux64_1.1.0.202305231506/tools/bin/../lib/gcc/arm-none-eabi/11.3.1/thumb/v7-m/nofp/libgcc.a(_arm_addsubsf3.o)
 .ARM.attributes
                0x0000000000000355       0x1d /opt/st/stm32cubeide_1.13.1/plugins/com.st.stm32cube.ide.mcu.externaltools.gnu-tools-for-stm32.11.3.rel1.linux64_1.1.0.202305231506/tools/bin/../lib/gcc/arm-none-eabi/11.3.1/thumb/v7-m/nofp/libgcc.a(_arm_muldivsf3.o)
 .ARM.attributes
                0x0000000000000372       0x1d /opt/st/stm32cubeide_1.13.1/plugins/com.st.stm32cube.ide.mcu.externaltools.gnu-tools-for-stm32.11.3.rel1.linux64_1.1.0.202305231506/tools/bin/../lib/gcc/arm-none-eabi/11.3.1/thumb/v7-m/nofp/libgcc.a(_arm_cmpsf2.o)
 .ARM.attributes
                0x000000000000038f       0x1d /opt/st/stm32cubeide_1.13.1/plugins/com.st.stm32cube.ide.mcu.externaltools.gnu-tools-for-stm32.11.3.rel1.linux64_1.1.0.202305231506/tools/bin/../lib/gcc/arm-none-eabi/11.3.1/thumb/v7-m/nofp/libgcc.a(_arm_fixunssfsi.o)
 .ARM.attributes
                0x00000000000003ac       0x1d /opt/st/stm32cubeide_1.13.1/plugins/com.st.stm32cube.ide.mcu.externaltools.gnu-tools-for-stm32.11.3.rel1.linux64_1.1.0.202305231506/tools/bin/../lib/gcc/arm-none-eabi/11.3.1/thumb/v7-m/nofp/crtn.o
OUTPUT(stmbot_LLC.elf elf32-littlearm)
LOAD linker stubs
LOAD /opt/st/stm32cubeide_1.13.1/plugins/com.st.stm32cube.ide.mcu.externaltools.gnu-tools-for-stm32.11.3.rel1.linux64_1.1.0.202305231506/tools/bin/../lib/gcc/arm-none-eabi/11.3.1/../../../../arm-none-eabi/lib/thumb/v7-m/nofp/libc.a
LOAD /opt/st/stm32cubeide_1.13.1/plugins/com.st.stm32cube.ide.mcu.externaltools.gnu-tools-for-stm32.11.3.rel1.linux64_1.1.0.202305231506/tools/bin/../lib/gcc/arm-none-eabi/11.3.1/../../../../arm-none-eabi/lib/thumb/v7-m/nofp/libm.a
LOAD /opt/st/stm32cubeide_1.13.1/plugins/com.st.stm32cube.ide.mcu.externaltools.gnu-tools-for-stm32.11.3.rel1.linux64_1.1.0.202305231506/tools/bin/../lib/gcc/arm-none-eabi/11.3.1/thumb/v7-m/nofp/libgcc.a

.comment        0x0000000000000000       0x43
 .comment       0x0000000000000000       0x43 /opt/st/stm32cubeide_1.13.1/plugins/com.st.stm32cube.ide.mcu.externaltools.gnu-tools-for-stm32.11.3.rel1.linux64_1.1.0.202305231506/tools/bin/../lib/gcc/arm-none-eabi/11.3.1/thumb/v7-m/nofp/crtbegin.o
                                         0x44 (size before relaxing)
 .comment       0x0000000000000043       0x44 ./HAL/servo.o
 .comment       0x0000000000000043       0x44 ./Src/main.o
 .comment       0x0000000000000043       0x44 ./Src/robotManager.o
 .comment       0x0000000000000043       0x44 ./stm32f103x6_drivers/stm32f103x6_PWM_driver.o
 .comment       0x0000000000000043       0x44 ./stm32f103x6_drivers/stm32f103x6_RCC_driver.o
 .comment       0x0000000000000043       0x44 ./stm32f103x6_drivers/stm32f103x6_USART_driver.o
 .comment       0x0000000000000043       0x44 ./stm32f103x6_drivers/stm32f103x6_gpio_driver.o

.debug_info     0x0000000000000000     0x1d47
 .debug_info    0x0000000000000000      0x37e ./HAL/servo.o
 .debug_info    0x000000000000037e      0x3fc ./Src/main.o
 .debug_info    0x000000000000077a      0x534 ./Src/robotManager.o
 .debug_info    0x0000000000000cae       0x23 ./Startup/startup_stm32f103c8tx.o
 .debug_info    0x0000000000000cd1      0x560 ./stm32f103x6_drivers/stm32f103x6_PWM_driver.o
 .debug_info    0x0000000000001231      0x285 ./stm32f103x6_drivers/stm32f103x6_RCC_driver.o
 .debug_info    0x00000000000014b6      0x51e ./stm32f103x6_drivers/stm32f103x6_USART_driver.o
 .debug_info    0x00000000000019d4      0x373 ./stm32f103x6_drivers/stm32f103x6_gpio_driver.o

.debug_abbrev   0x0000000000000000      0x90b
 .debug_abbrev  0x0000000000000000      0x12e ./HAL/servo.o
 .debug_abbrev  0x000000000000012e       0xf1 ./Src/main.o
 .debug_abbrev  0x000000000000021f      0x183 ./Src/robotManager.o
 .debug_abbrev  0x00000000000003a2       0x12 ./Startup/startup_stm32f103c8tx.o
 .debug_abbrev  0x00000000000003b4      0x1a3 ./stm32f103x6_drivers/stm32f103x6_PWM_driver.o
 .debug_abbrev  0x0000000000000557      0x104 ./stm32f103x6_drivers/stm32f103x6_RCC_driver.o
 .debug_abbrev  0x000000000000065b      0x19b ./stm32f103x6_drivers/stm32f103x6_USART_driver.o
 .debug_abbrev  0x00000000000007f6      0x115 ./stm32f103x6_drivers/stm32f103x6_gpio_driver.o

.debug_aranges  0x0000000000000000      0x1e0
 .debug_aranges
                0x0000000000000000       0x30 ./HAL/servo.o
 .debug_aranges
                0x0000000000000030       0x28 ./Src/main.o
 .debug_aranges
                0x0000000000000058       0x38 ./Src/robotManager.o
 .debug_aranges
                0x0000000000000090       0x28 ./Startup/startup_stm32f103c8tx.o
 .debug_aranges
                0x00000000000000b8       0x38 ./stm32f103x6_drivers/stm32f103x6_PWM_driver.o
 .debug_aranges
                0x00000000000000f0       0x38 ./stm32f103x6_drivers/stm32f103x6_RCC_driver.o
 .debug_aranges
                0x0000000000000128       0x58 ./stm32f103x6_drivers/stm32f103x6_USART_driver.o
 .debug_aranges
                0x0000000000000180       0x60 ./stm32f103x6_drivers/stm32f103x6_gpio_driver.o

.debug_rnglists
                0x0000000000000000      0x163
 .debug_rnglists
                0x0000000000000000       0x1f ./HAL/servo.o
 .debug_rnglists
                0x000000000000001f       0x19 ./Src/main.o
 .debug_rnglists
                0x0000000000000038       0x27 ./Src/robotManager.o
 .debug_rnglists
                0x000000000000005f       0x19 ./Startup/startup_stm32f103c8tx.o
 .debug_rnglists
                0x0000000000000078       0x29 ./stm32f103x6_drivers/stm32f103x6_PWM_driver.o
 .debug_rnglists
                0x00000000000000a1       0x25 ./stm32f103x6_drivers/stm32f103x6_RCC_driver.o
 .debug_rnglists
                0x00000000000000c6       0x58 ./stm32f103x6_drivers/stm32f103x6_USART_driver.o
 .debug_rnglists
                0x000000000000011e       0x45 ./stm32f103x6_drivers/stm32f103x6_gpio_driver.o

.debug_macro    0x0000000000000000     0x2d5e
 .debug_macro   0x0000000000000000      0x15f ./HAL/servo.o
 .debug_macro   0x000000000000015f      0xaa2 ./HAL/servo.o
 .debug_macro   0x0000000000000c01       0x24 ./HAL/servo.o
 .debug_macro   0x0000000000000c25       0x22 ./HAL/servo.o
 .debug_macro   0x0000000000000c47       0x5b ./HAL/servo.o
 .debug_macro   0x0000000000000ca2       0x94 ./HAL/servo.o
 .debug_macro   0x0000000000000d36       0x43 ./HAL/servo.o
 .debug_macro   0x0000000000000d79       0x34 ./HAL/servo.o
 .debug_macro   0x0000000000000dad       0x16 ./HAL/servo.o
 .debug_macro   0x0000000000000dc3      0x10e ./HAL/servo.o
 .debug_macro   0x0000000000000ed1       0x8d ./HAL/servo.o
 .debug_macro   0x0000000000000f5e       0x16 ./HAL/servo.o
 .debug_macro   0x0000000000000f74       0x43 ./HAL/servo.o
 .debug_macro   0x0000000000000fb7       0x57 ./HAL/servo.o
 .debug_macro   0x000000000000100e       0x34 ./HAL/servo.o
 .debug_macro   0x0000000000001042       0x10 ./HAL/servo.o
 .debug_macro   0x0000000000001052       0x58 ./HAL/servo.o
 .debug_macro   0x00000000000010aa       0x8e ./HAL/servo.o
 .debug_macro   0x0000000000001138       0x1c ./HAL/servo.o
 .debug_macro   0x0000000000001154      0x177 ./HAL/servo.o
 .debug_macro   0x00000000000012cb      0x369 ./HAL/servo.o
 .debug_macro   0x0000000000001634       0x16 ./HAL/servo.o
 .debug_macro   0x000000000000164a       0x29 ./HAL/servo.o
 .debug_macro   0x0000000000001673      0x103 ./HAL/servo.o
 .debug_macro   0x0000000000001776       0x6a ./HAL/servo.o
 .debug_macro   0x00000000000017e0      0x1df ./HAL/servo.o
 .debug_macro   0x00000000000019bf      0x6ee ./HAL/servo.o
 .debug_macro   0x00000000000020ad       0x46 ./HAL/servo.o
 .debug_macro   0x00000000000020f3       0x22 ./HAL/servo.o
 .debug_macro   0x0000000000002115      0x195 ./Src/main.o
 .debug_macro   0x00000000000022aa       0x8e ./Src/main.o
 .debug_macro   0x0000000000002338       0x51 ./Src/main.o
 .debug_macro   0x0000000000002389       0x61 ./Src/main.o
 .debug_macro   0x00000000000023ea       0xc4 ./Src/main.o
 .debug_macro   0x00000000000024ae       0x10 ./Src/main.o
 .debug_macro   0x00000000000024be       0xe8 ./Src/main.o
 .debug_macro   0x00000000000025a6       0x10 ./Src/main.o
 .debug_macro   0x00000000000025b6      0x18f ./Src/robotManager.o
 .debug_macro   0x0000000000002745      0x164 ./stm32f103x6_drivers/stm32f103x6_PWM_driver.o
 .debug_macro   0x00000000000028a9      0x14d ./stm32f103x6_drivers/stm32f103x6_RCC_driver.o
 .debug_macro   0x00000000000029f6      0x15e ./stm32f103x6_drivers/stm32f103x6_USART_driver.o
 .debug_macro   0x0000000000002b54      0x14c ./stm32f103x6_drivers/stm32f103x6_gpio_driver.o
 .debug_macro   0x0000000000002ca0       0xbe ./stm32f103x6_drivers/stm32f103x6_gpio_driver.o

.debug_line     0x0000000000000000     0x30d3
 .debug_line    0x0000000000000000      0x564 ./HAL/servo.o
 .debug_line    0x0000000000000564      0x5ca ./Src/main.o
 .debug_line    0x0000000000000b2e      0x72a ./Src/robotManager.o
 .debug_line    0x0000000000001258       0x7b ./Startup/startup_stm32f103c8tx.o
 .debug_line    0x00000000000012d3      0x770 ./stm32f103x6_drivers/stm32f103x6_PWM_driver.o
 .debug_line    0x0000000000001a43      0x5a8 ./stm32f103x6_drivers/stm32f103x6_RCC_driver.o
 .debug_line    0x0000000000001feb      0x9c7 ./stm32f103x6_drivers/stm32f103x6_USART_driver.o
 .debug_line    0x00000000000029b2      0x721 ./stm32f103x6_drivers/stm32f103x6_gpio_driver.o

.debug_str      0x0000000000000000     0xa733
 .debug_str     0x0000000000000000     0x9648 ./HAL/servo.o
                                       0x985b (size before relaxing)
 .debug_str     0x0000000000009648      0xba1 ./Src/main.o
                                       0xa2de (size before relaxing)
 .debug_str     0x000000000000a1e9      0x124 ./Src/robotManager.o
                                       0xa3cd (size before relaxing)
 .debug_str     0x000000000000a30d       0x2f ./Startup/startup_stm32f103c8tx.o
                                         0x61 (size before relaxing)
 .debug_str     0x000000000000a33c      0x10b ./stm32f103x6_drivers/stm32f103x6_PWM_driver.o
                                       0x9c3e (size before relaxing)
 .debug_str     0x000000000000a447       0xcf ./stm32f103x6_drivers/stm32f103x6_RCC_driver.o
                                       0x9648 (size before relaxing)
 .debug_str     0x000000000000a516      0x106 ./stm32f103x6_drivers/stm32f103x6_USART_driver.o
                                       0xa1fd (size before relaxing)
 .debug_str     0x000000000000a61c      0x117 ./stm32f103x6_drivers/stm32f103x6_gpio_driver.o
                                       0x99b3 (size before relaxing)

.debug_frame    0x0000000000000000      0xa18
 .debug_frame   0x0000000000000000       0x84 ./HAL/servo.o
 .debug_frame   0x0000000000000084       0x50 ./Src/main.o
 .debug_frame   0x00000000000000d4       0xa4 ./Src/robotManager.o
 .debug_frame   0x0000000000000178       0xa4 ./stm32f103x6_drivers/stm32f103x6_PWM_driver.o
 .debug_frame   0x000000000000021c       0xa4 ./stm32f103x6_drivers/stm32f103x6_RCC_driver.o
 .debug_frame   0x00000000000002c0      0x134 ./stm32f103x6_drivers/stm32f103x6_USART_driver.o
 .debug_frame   0x00000000000003f4      0x178 ./stm32f103x6_drivers/stm32f103x6_gpio_driver.o
 .debug_frame   0x000000000000056c       0x30 /opt/st/stm32cubeide_1.13.1/plugins/com.st.stm32cube.ide.mcu.externaltools.gnu-tools-for-stm32.11.3.rel1.linux64_1.1.0.202305231506/tools/bin/../lib/gcc/arm-none-eabi/11.3.1/../../../../arm-none-eabi/lib/thumb/v7-m/nofp/libc_nano.a(libc_a-atoi.o)
 .debug_frame   0x000000000000059c       0x64 /opt/st/stm32cubeide_1.13.1/plugins/com.st.stm32cube.ide.mcu.externaltools.gnu-tools-for-stm32.11.3.rel1.linux64_1.1.0.202305231506/tools/bin/../lib/gcc/arm-none-eabi/11.3.1/../../../../arm-none-eabi/lib/thumb/v7-m/nofp/libc_nano.a(libc_a-strtol.o)
 .debug_frame   0x0000000000000600      0x13c /opt/st/stm32cubeide_1.13.1/plugins/com.st.stm32cube.ide.mcu.externaltools.gnu-tools-for-stm32.11.3.rel1.linux64_1.1.0.202305231506/tools/bin/../lib/gcc/arm-none-eabi/11.3.1/../../../../arm-none-eabi/lib/thumb/v7-m/nofp/libc_nano.a(libc_a-findfp.o)
 .debug_frame   0x000000000000073c       0x20 /opt/st/stm32cubeide_1.13.1/plugins/com.st.stm32cube.ide.mcu.externaltools.gnu-tools-for-stm32.11.3.rel1.linux64_1.1.0.202305231506/tools/bin/../lib/gcc/arm-none-eabi/11.3.1/../../../../arm-none-eabi/lib/thumb/v7-m/nofp/libc_nano.a(libc_a-errno.o)
 .debug_frame   0x000000000000075c       0x2c /opt/st/stm32cubeide_1.13.1/plugins/com.st.stm32cube.ide.mcu.externaltools.gnu-tools-for-stm32.11.3.rel1.linux64_1.1.0.202305231506/tools/bin/../lib/gcc/arm-none-eabi/11.3.1/../../../../arm-none-eabi/lib/thumb/v7-m/nofp/libc_nano.a(libc_a-init.o)
 .debug_frame   0x0000000000000788       0xac /opt/st/stm32cubeide_1.13.1/plugins/com.st.stm32cube.ide.mcu.externaltools.gnu-tools-for-stm32.11.3.rel1.linux64_1.1.0.202305231506/tools/bin/../lib/gcc/arm-none-eabi/11.3.1/thumb/v7-m/nofp/libgcc.a(_arm_addsubdf3.o)
 .debug_frame   0x0000000000000834       0x50 /opt/st/stm32cubeide_1.13.1/plugins/com.st.stm32cube.ide.mcu.externaltools.gnu-tools-for-stm32.11.3.rel1.linux64_1.1.0.202305231506/tools/bin/../lib/gcc/arm-none-eabi/11.3.1/thumb/v7-m/nofp/libgcc.a(_arm_muldivdf3.o)
 .debug_frame   0x0000000000000884       0x24 /opt/st/stm32cubeide_1.13.1/plugins/com.st.stm32cube.ide.mcu.externaltools.gnu-tools-for-stm32.11.3.rel1.linux64_1.1.0.202305231506/tools/bin/../lib/gcc/arm-none-eabi/11.3.1/thumb/v7-m/nofp/libgcc.a(_arm_fixunsdfsi.o)
 .debug_frame   0x00000000000008a8       0x4c /opt/st/stm32cubeide_1.13.1/plugins/com.st.stm32cube.ide.mcu.externaltools.gnu-tools-for-stm32.11.3.rel1.linux64_1.1.0.202305231506/tools/bin/../lib/gcc/arm-none-eabi/11.3.1/thumb/v7-m/nofp/libgcc.a(_arm_addsubsf3.o)
 .debug_frame   0x00000000000008f4       0x38 /opt/st/stm32cubeide_1.13.1/plugins/com.st.stm32cube.ide.mcu.externaltools.gnu-tools-for-stm32.11.3.rel1.linux64_1.1.0.202305231506/tools/bin/../lib/gcc/arm-none-eabi/11.3.1/thumb/v7-m/nofp/libgcc.a(_arm_muldivsf3.o)
 .debug_frame   0x000000000000092c       0xc8 /opt/st/stm32cubeide_1.13.1/plugins/com.st.stm32cube.ide.mcu.externaltools.gnu-tools-for-stm32.11.3.rel1.linux64_1.1.0.202305231506/tools/bin/../lib/gcc/arm-none-eabi/11.3.1/thumb/v7-m/nofp/libgcc.a(_arm_cmpsf2.o)
 .debug_frame   0x00000000000009f4       0x24 /opt/st/stm32cubeide_1.13.1/plugins/com.st.stm32cube.ide.mcu.externaltools.gnu-tools-for-stm32.11.3.rel1.linux64_1.1.0.202305231506/tools/bin/../lib/gcc/arm-none-eabi/11.3.1/thumb/v7-m/nofp/libgcc.a(_arm_fixunssfsi.o)

.debug_line_str
                0x0000000000000000       0x55
 .debug_line_str
                0x0000000000000000       0x55 ./Startup/startup_stm32f103c8tx.o
                                         0x6d (size before relaxing)
